// Vitest Snapshot v1, https://vitest.dev/guide/snapshot.html

exports[`test icon names not change 1`] = `
[
  "account_circle",
  "account_supervisor_outline",
  "add_image",
  "all_caps",
  "arrow_left",
  "arrow_right",
  "billing",
  "bookmark",
  "calendar_clock",
  "calendar_month",
  "chat",
  "check",
  "checkbox_blank_circle",
  "chevron_down",
  "chevron_left",
  "chevron_right",
  "chevron_up",
  "clock",
  "clock_outline",
  "code_injection",
  "codepen",
  "comment",
  "copy",
  "cross",
  "cross_box",
  "cross_thin",
  "delete",
  "desk",
  "desktop",
  "disqus",
  "divider",
  "dots_horizontal",
  "dots_vertical",
  "down_arrow",
  "draft",
  "edit_meta",
  "email",
  "email_outline",
  "facebook",
  "file_document_edit_outline",
  "file_edit_outline",
  "file_replace_outline",
  "filter",
  "focal_point",
  "focus",
  "font",
  "for_review",
  "format_align_center",
  "format_align_left",
  "format_align_right",
  "format_bold",
  "format_italics",
  "format_line_spacing",
  "format_underline",
  "fountain_pen_tip",
  "gallery",
  "H1",
  "H2",
  "help_circle_outline",
  "history",
  "home_outline",
  "html_embed",
  "image",
  "info",
  "justify_expand",
  "justify_fill",
  "justify_fit",
  "link",
  "link_variant",
  "list_bullet",
  "list_number",
  "lock",
  "logomark_L",
  "logomark_s",
  "logout",
  "lower_caps",
  "magnify",
  "mailchimp",
  "medium",
  "menu",
  "mobile",
  "page_colour",
  "page_elements",
  "pencil",
  "pencil_outline",
  "plus",
  "plus_circle",
  "plus_circle_outline",
  "preview",
  "publications",
  "quote",
  "redo",
  "refresh",
  "reviewed",
  "rocket",
  "save",
  "saving",
  "send",
  "send_outline",
  "SEO",
  "settings",
  "share_variant",
  "spotify",
  "star",
  "star_outline",
  "strikethrough",
  "svg",
  "swap_horizontal_variant",
  "swap_photo",
  "tablet",
  "tag",
  "templates",
  "text",
  "text_colour",
  "text_hover_colour",
  "tick",
  "time",
  "transit_connection_variant",
  "twitter",
  "undo",
  "unsplash",
  "up_arrow",
  "upload",
  "users",
  "vimeo",
  "web",
  "youtube",
  "zapier",
]
`;
